// Jest Snapshot v1, https://goo.gl/fbAQLP

exports[`Data component should render correctly 1`] = `"<div />"`;
